Laboratory isolation environment
  user=aisc216 uid=1000
  ROS_DOMAIN_ID=21 ROS_LOCALHOST_ONLY=1
  Newton state=20100 command=20101 viewer=30100
Warp CUDA error 100: no CUDA-capable device is detected (in function init_cuda_driver, /builds/omniverse/warp/warp/native/cuda_util.cpp:333)
Warp 1.17.0 initialized:
   CUDA Toolkit 12.9, CUDA driver not available (NVRTC compilation available)
   Devices:
     "cpu"      : "x86_64"
   Kernel cache:
     /home/aisc216/.cache/warp/1.17.0
Module newton._src.geometry.inertia f6b4bd8 load on device 'cpu' took 0.82 ms  (cached)
Module newton._src.utils.mesh 92b663b load on device 'cpu' took 0.28 ms  (cached)
Module warp._src.coloring 811e0ea load on device 'cpu' took 0.21 ms  (cached)
Module validate_and_correct_inertia_kernel_1ff2ac62 6ad45b8 load on device 'cpu' took 0.21 ms  (cached)
Module newton._src.geometry.bvh 5fa2076 load on device 'cpu' took 0.18 ms  (cached)
Module newton._src.solvers.vbd.rigid_vbd_kernels e50922b load on device 'cpu' took 5370.66 ms  (compiled)
Module newton._src.solvers.solver 5e8bff5 load on device 'cpu' took 0.16 ms  (cached)
Module newton._src.sim.articulation 1e9d119 load on device 'cpu' took 0.27 ms  (cached)
╭──────────────── viser ─────────────────╮
│             ╷                          │
│   HTTP      │ http://127.0.0.1:30100   │
│   Websocket │ ws://127.0.0.1:30100     │
│             ╵                          │
╰────────────────────────────────────────╯
Viser server running at: http://localhost:30100
Module newton._src.viewer.kernels 3942d1f load on device 'cpu' took 0.28 ms  (cached)
MOVEIT_GRASP_ENDPOINT_READY robot_bodies=24 robot_shapes=58 strip_bodies=0 strip_shapes=0 particles=252 tetrahedra=600 particle_radius=0.0010 robot_particle_colliders=4 active_robot_colliders=17 robot_friction=1.5 strip_friction=1.5 ground_friction=1.5 density=1100.0 youngs_modulus=1000000.0 soft_contact_ke=1000.0 soft_contact_kd=10.0 soft_contact_margin=0.0050 substeps=10 command_dt=0.020 max_hold=0.500 object_center=(0.4869,0.10915,0.01100) command=20101 state=20100 viewer=30100
Module newton._src.sim.collide a0e9da6 load on device 'cpu' took 0.20 ms  (cached)
Module narrow_phase_primitive_write_contact 066b49c load on device 'cpu' took 0.18 ms  (cached)
Module narrow_phase_gjk_mpr_True_write_contact_support_map_lean_post_process_minkowski_only 2915b37 load on device 'cpu' took 0.24 ms  (cached)
Module newton._src.geometry.narrow_phase 72cccae load on device 'cpu' took 0.17 ms  (cached)
Module newton._src.geometry.contact_reduction_global de5b807 load on device 'cpu' took 0.15 ms  (cached)
Module newton._src.geometry.sdf_contact 7975f62 load on device 'cpu' took 0.14 ms  (cached)
Module narrow_phase_mesh_plane_write_contact_to_reducer_True 4127b8c load on device 'cpu' took 0.14 ms  (cached)
Module mesh_triangle_contacts_to_reducer_kernel_e41ecfb6 6416904 load on device 'cpu' took 0.23 ms  (cached)
Module sdf_contact_write_contact_to_reducer_False_True 02c6cf4 load on device 'cpu' took 0.22 ms  (cached)
Module export_reduced_contacts_write_contact 5207f54 load on device 'cpu' took 0.16 ms  (cached)
Module newton._src.geometry.kernels f6d4e61 load on device 'cpu' took 3090.38 ms  (compiled)
Module newton._src.geometry.soft_contacts_sdf ee1379c load on device 'cpu' took 1893.04 ms  (compiled)
Module newton._src.solvers.xpbd.kernels baf207e load on device 'cpu' took 0.28 ms  (cached)
Module newton._src.solvers.vbd.particle_vbd_kernels e5d6ddf load on device 'cpu' took 2224.97 ms  (compiled)
MOVEIT_GRASP_RESULT {"object": "fem_strip", "closed_seen": false, "lift_started": false, "release_seen": false, "initial_grasp_region_z_m": 0.010999999940395355, "prelift_grasp_region_z_m": null, "maximum_closed_grasp_region_z_m": 0.010999999940395355, "grasp_region_lift_m": 0.0, "release_start_grasp_region_z_m": null, "minimum_post_release_grasp_region_z_m": null, "release_drop_m": 0.0, "minimum_strip_bottom_z_m": 0.0009825490415096283, "maximum_contact_count": 0, "maximum_soft_contact_count": 591, "maximum_left_finger_soft_contacts": 0, "maximum_right_finger_soft_contacts": 0, "maximum_command_backlog": 0, "pending_robot_commands_at_shutdown": 0, "maximum_left_force_abs_xyz_n": [0.0, 0.0, 0.0], "maximum_right_force_abs_xyz_n": [0.0, 0.0, 0.0], "lift_bilateral_force_sample_count": 0, "mean_lift_left_force_on_strip_xyz_n": [0.0, 0.0, 0.0], "mean_lift_right_force_on_strip_xyz_n": [0.0, 0.0, 0.0], "mean_lift_combined_force_on_strip_xyz_n": [0.0, 0.0, 0.0], "minimum_lift_combined_force_z_n": null, "maximum_lift_combined_force_z_n": null, "maximum_mimic_error_rad": 0.0, "finite_state": true, "simulated_time_s": 1.2666666666666824, "wall_elapsed_s": 37.331014655996114, "candidate_contact_grasp_pass": false}
(viser) Server stopped
