[INFO] [launch]: All log files can be found below /home/yuhao/.ros/log/2026-10-08-16-55-46-308711-robo-jazzy-28999
[INFO] [launch]: Default logging verbosity is set to INFO
WARNING:root:[33;21mCannot infer URDF from `/home/yuhao/ur5_ws/install_jazzy_port/ur5_moveit_demo/share/ur5_moveit_demo`. -- using config/ur.urdf[0m
WARNING:root:[33;21mCannot infer SRDF from `/home/yuhao/ur5_ws/install_jazzy_port/ur5_moveit_demo/share/ur5_moveit_demo`. -- using config/ur.srdf[0m
[INFO] [pick_at_position-1]: process started with pid [29003]
[pick_at_position-1] [WARN] [1791449746.455818911] [rcl]: ROS_LOCALHOST_ONLY is deprecated but still honored if it is enabled. Use ROS_AUTOMATIC_DISCOVERY_RANGE and ROS_STATIC_PEERS instead.
[pick_at_position-1] [WARN] [1791449746.456201913] [rcl]: 'localhost_only' is enabled, 'automatic_discovery_range' and 'static_peers' will be ignored.
[pick_at_position-1] [INFO] [1791449746.466017237] [pick_at_position]: WIDTH_CALIBRATION width=50.00 mm compression=2.00 mm gap=48.00 mm command=0.375145 rad closure_drop=10.578 mm approach=0.094422 m bracket=[0.35, 0.40] rad
[pick_at_position-1] [INFO] [1791449746.467345867] [pick_at_position]: Waiting up to 5.0 s for measured object pose on /newton/object_pose...
[pick_at_position-1] [INFO] [1791449746.916892629] [pick_at_position]: MEASURED_OBJECT_POSE topic=/newton/object_pose frame=world center=(0.4869, 0.1093, 0.0110) m
[pick_at_position-1] [WARN] [1791449746.917657340] [rcl.logging_rosout]: Publisher already registered for node name: 'pick_at_position'. If this is due to multiple nodes with the same name then all logs for the logger named 'pick_at_position' will go out over the existing publisher. As soon as any node with that name is destructed it will unregister the publisher, preventing any further logs for that name from being published on the rosout topic.
[pick_at_position-1] [INFO] [1791449746.920795975] [pick_at_position.moveit.ros.rdf_loader]: Loaded robot model in 0.00188163 seconds
[pick_at_position-1] [INFO] [1791449746.920833600] [pick_at_position.moveit.core.robot_model]: Loading robot model 'ur'...
[pick_at_position-1] [INFO] [1791449746.920840475] [pick_at_position.moveit.core.robot_model]: No root/virtual joint specified in SRDF. Assuming fixed joint
[pick_at_position-1] [INFO] [1791449746.927537831] [pick_at_position.moveit.kinematics.kdl_kinematics_plugin]: Joint weights for group 'ur_manipulator': 1 1 1 1 1 1
[pick_at_position-1] [INFO] [1791449747.765207699] [pick_at_position.moveit.ros.move_group_interface]: Ready to take commands for planning group ur_manipulator.
[pick_at_position-1] [INFO] [1791449747.768884420] [pick_at_position]: Planning frame: world
[pick_at_position-1] [INFO] [1791449747.769108421] [pick_at_position]: OBJECT_TARGET source=newton_feedback frame=world center=(0.4869, 0.1093, 0.0110) m
[pick_at_position-1] [INFO] [1791449747.769122629] [pick_at_position]: GRASP_CONFIG offset=0.1090 m clearance=0.1500 m approach=0.0944 m lift=0.1200 m closed=0.3751 rad lift_velocity_scale=0.030
[pick_at_position-1] [INFO] [1791449747.769126254] [pick_at_position]: GRASP_ORIENTATION roll=180.0 pitch=0.0 yaw=90.0 deg
[pick_at_position-1] [INFO] [1791449747.860325728] [pick_at_position]: PLANNING_SCENE_FLOOR_ADDED size=3.00 m top_z=-0.0010 m
[pick_at_position-1] [INFO] [1791449747.864558076] [pick_at_position]: Waiting for gripper action server...
[pick_at_position-1] [INFO] [1791449748.365758480] [pick_at_position]: Sending gripper command: position=0.0000
[pick_at_position-1] [INFO] [1791449748.417192112] [pick_at_position]: Gripper reached position 0.0000
[pick_at_position-1] [INFO] [1791449748.418169699] [pick_at_position.moveit.ros.current_state_monitor]: Listening to joint states on topic 'joint_states'
[pick_at_position-1] [INFO] [1791449748.421121250] [pick_at_position]: PREGRASP_CENTER world=(0.4869, 0.1093, 0.1610) m
[pick_at_position-1] [INFO] [1791449748.426158851] [pick_at_position]: SAFE_PREGRASP_ROUTE current=(0.488, 0.116, 0.301) safe_z=0.351 target=(0.487, 0.109, 0.270)
[pick_at_position-1] [INFO] [1791449748.429088902] [pick_at_position]: SAFE_PREGRASP_STAGE_FRACTION stage=raise prefix=100.0%
[pick_at_position-1] [INFO] [1791449748.433125916] [pick_at_position]: SAFE_PREGRASP_STAGE_FRACTION stage=orient prefix=100.0%
[pick_at_position-1] [INFO] [1791449748.438178933] [pick_at_position]: SAFE_PREGRASP_STAGE_FRACTION stage=translate prefix=100.0%
[pick_at_position-1] [INFO] [1791449748.443194492] [pick_at_position]: SAFE_PREGRASP_STAGE_FRACTION stage=descend prefix=100.0%
[pick_at_position-1] [INFO] [1791449748.446920754] [pick_at_position]: Safe pre-grasp Cartesian path completed: 100.0%
[pick_at_position-1] [INFO] [1791449748.446940296] [pick_at_position]: SAFE_PREGRASP_JOINT_TRAVEL joint=shoulder_pan_joint cumulative=0.011 rad limit=1.600 rad max_step=0.005 rad
[pick_at_position-1] [INFO] [1791449748.446944296] [pick_at_position]: SAFE_PREGRASP_JOINT_TRAVEL joint=shoulder_lift_joint cumulative=0.061 rad limit=1.600 rad max_step=0.007 rad
[pick_at_position-1] [INFO] [1791449748.446946921] [pick_at_position]: SAFE_PREGRASP_JOINT_TRAVEL joint=elbow_joint cumulative=0.262 rad limit=1.600 rad max_step=0.029 rad
[pick_at_position-1] [INFO] [1791449748.446949421] [pick_at_position]: SAFE_PREGRASP_JOINT_TRAVEL joint=wrist_1_joint cumulative=0.312 rad limit=1.600 rad max_step=0.036 rad
[pick_at_position-1] [INFO] [1791449748.446951546] [pick_at_position]: SAFE_PREGRASP_JOINT_TRAVEL joint=wrist_2_joint cumulative=0.000 rad limit=1.600 rad max_step=0.000 rad
[pick_at_position-1] [INFO] [1791449748.446954046] [pick_at_position]: SAFE_PREGRASP_JOINT_TRAVEL joint=wrist_3_joint cumulative=0.011 rad limit=3.250 rad max_step=0.005 rad
[pick_at_position-1] [INFO] [1791449748.448380634] [pick_at_position.moveit.ros.move_group_interface]: Execute request accepted
[pick_at_position-1] [INFO] [1791449750.360197126] [pick_at_position.moveit.ros.move_group_interface]: Execute request success!
[pick_at_position-1] [INFO] [1791449750.360519794] [pick_at_position]: Safe staged pre-grasp completed.
[pick_at_position-1] [INFO] [1791449750.863245757] [pick_at_position]: Vertical grasp approach Cartesian target: X=0.487 Y=0.109 Z=0.176
[pick_at_position-1] [INFO] [1791449750.866182267] [pick_at_position]: Vertical grasp approach Cartesian path completed: 100.0%
[pick_at_position-1] [INFO] [1791449750.866474810] [pick_at_position]: Vertical grasp approach Cartesian timing: duration=1.055 s velocity_scale=0.150
[pick_at_position-1] [INFO] [1791449750.869425570] [pick_at_position.moveit.ros.move_group_interface]: Execute request accepted
[pick_at_position-1] [INFO] [1791449751.983226626] [pick_at_position.moveit.ros.move_group_interface]: Execute request success!
[pick_at_position-1] [INFO] [1791449751.983548461] [pick_at_position]: Vertical grasp approach Cartesian motion completed.
[pick_at_position-1] [INFO] [1791449752.483733301] [pick_at_position]: Waiting for gripper action server...
[pick_at_position-1] [INFO] [1791449752.483839968] [pick_at_position]: Sending gripper command: position=0.3751
[pick_at_position-1] [INFO] [1791449752.535265853] [pick_at_position]: Gripper reached position 0.3751
[pick_at_position-1] [INFO] [1791449753.539120302] [pick_at_position]: Vertical lift Cartesian target: X=0.487 Y=0.109 Z=0.296
[pick_at_position-1] [INFO] [1791449753.545302281] [pick_at_position]: Vertical lift Cartesian path completed: 100.0%
[pick_at_position-1] [INFO] [1791449753.546540577] [pick_at_position]: Vertical lift Cartesian timing: duration=3.471 s velocity_scale=0.030
[pick_at_position-1] [INFO] [1791449753.547374163] [pick_at_position.moveit.ros.move_group_interface]: Execute request accepted
[pick_at_position-1] [INFO] [1791449757.056808556] [pick_at_position.moveit.ros.move_group_interface]: Execute request success!
[pick_at_position-1] [INFO] [1791449757.057367225] [pick_at_position]: Vertical lift Cartesian motion completed.
[pick_at_position-1] [INFO] [1791449758.557545583] [pick_at_position]: Waiting for gripper action server...
[pick_at_position-1] [INFO] [1791449758.557643625] [pick_at_position]: Sending gripper command: position=0.0000
[pick_at_position-1] [INFO] [1791449758.613090360] [pick_at_position]: Gripper reached position 0.0000
[pick_at_position-1] [INFO] [1791449758.613122069] [pick_at_position]: ========== ABSOLUTE POSITION PICK SUCCEEDED ==========
[INFO] [pick_at_position-1]: process has finished cleanly [pid 29003]
