[INFO] [launch]: All log files can be found below /home/aisc216/.ros/log/2026-10-01-17-57-29-925685-aisc-3080-286913
[INFO] [launch]: Default logging verbosity is set to INFO
WARNING:root:[33;21mCannot infer URDF from `/home/aisc216/ur5_ws/install_jazzy_port/ur5_moveit_demo/share/ur5_moveit_demo`. -- using config/ur.urdf[0m
WARNING:root:[33;21mCannot infer SRDF from `/home/aisc216/ur5_ws/install_jazzy_port/ur5_moveit_demo/share/ur5_moveit_demo`. -- using config/ur.srdf[0m
[INFO] [pick_at_position-1]: process started with pid [286916]
[pick_at_position-1] [WARN] [1790848650.157419198] [rcl]: ROS_LOCALHOST_ONLY is deprecated but still honored if it is enabled. Use ROS_AUTOMATIC_DISCOVERY_RANGE and ROS_STATIC_PEERS instead.
[pick_at_position-1] [WARN] [1790848650.157429527] [rcl]: 'localhost_only' is enabled, 'automatic_discovery_range' and 'static_peers' will be ignored.
[pick_at_position-1] [WARN] [1790848650.172149055] [rcl.logging_rosout]: Publisher already registered for node name: 'pick_at_position'. If this is due to multiple nodes with the same name then all logs for the logger named 'pick_at_position' will go out over the existing publisher. As soon as any node with that name is destructed it will unregister the publisher, preventing any further logs for that name from being published on the rosout topic.
[pick_at_position-1] [INFO] [1790848650.176449081] [pick_at_position.moveit.ros.rdf_loader]: Loaded robot model in 0.00228364 seconds
[pick_at_position-1] [INFO] [1790848650.176516262] [pick_at_position.moveit.core.robot_model]: Loading robot model 'ur'...
[pick_at_position-1] [INFO] [1790848650.176526405] [pick_at_position.moveit.core.robot_model]: No root/virtual joint specified in SRDF. Assuming fixed joint
[pick_at_position-1] [INFO] [1790848650.185084323] [pick_at_position.moveit.kinematics.kdl_kinematics_plugin]: Joint weights for group 'ur_manipulator': 1 1 1 1 1 1
[pick_at_position-1] [INFO] [1790848653.082371507] [pick_at_position.moveit.ros.move_group_interface]: Ready to take commands for planning group ur_manipulator.
[pick_at_position-1] [INFO] [1790848653.086873147] [pick_at_position]: Planning frame: world
[pick_at_position-1] [INFO] [1790848653.086892591] [pick_at_position]: OBJECT_TARGET source=parameters frame=world center=(0.4869, 0.1091, 0.0100) m
[pick_at_position-1] [INFO] [1790848653.086902931] [pick_at_position]: GRASP_CONFIG offset=0.1090 m clearance=0.1500 m approach=0.1000 m lift=0.1200 m closed=0.3760 rad lift_velocity_scale=0.030
[pick_at_position-1] [INFO] [1790848653.086912717] [pick_at_position]: GRASP_ORIENTATION roll=180.0 pitch=0.0 yaw=90.0 deg
[pick_at_position-1] [INFO] [1790848653.098285026] [pick_at_position]: PLANNING_SCENE_FLOOR_ADDED size=3.00 m top_z=-0.0010 m
[pick_at_position-1] [INFO] [1790848653.102989595] [pick_at_position]: Waiting for gripper action server...
[pick_at_position-1] [INFO] [1790848653.103091907] [pick_at_position]: Sending gripper command: position=0.0000
[pick_at_position-1] [INFO] [1790848653.153768544] [pick_at_position]: Gripper reached position 0.0000
[pick_at_position-1] [INFO] [1790848653.153799324] [pick_at_position]: Moving UR5 to named target: test_configuration
[pick_at_position-1] [INFO] [1790848653.153927484] [pick_at_position.moveit.ros.move_group_interface]: MoveGroup action client/server ready
[pick_at_position-1] [INFO] [1790848653.154486016] [pick_at_position.moveit.ros.move_group_interface]: Planning request accepted
[pick_at_position-1] [INFO] [1790848653.201723410] [pick_at_position.moveit.ros.move_group_interface]: Planning request complete!
[pick_at_position-1] [INFO] [1790848653.202688217] [pick_at_position.moveit.ros.move_group_interface]: time taken to generate plan: 0.0402854 seconds
[pick_at_position-1] [INFO] [1790848653.203048645] [pick_at_position.moveit.ros.move_group_interface]: Execute request accepted
[pick_at_position-1] [INFO] [1790848657.259997612] [pick_at_position.moveit.ros.move_group_interface]: Execute request success!
[pick_at_position-1] [INFO] [1790848657.260842570] [pick_at_position]: UR5 reached 'test_configuration'.
[pick_at_position-1] [INFO] [1790848657.761641806] [pick_at_position.moveit.ros.current_state_monitor]: Listening to joint states on topic 'joint_states'
[pick_at_position-1] [INFO] [1790848657.763736868] [pick_at_position]: PREGRASP_CENTER world=(0.4869, 0.1091, 0.1600) m
[pick_at_position-1] [INFO] [1790848657.763763238] [pick_at_position]: Absolute pre-grasp tool0 target: X=0.4869 Y=0.1091 Z=0.2690
[pick_at_position-1] [INFO] [1790848657.763836585] [pick_at_position.moveit.ros.move_group_interface]: MoveGroup action client/server ready
[pick_at_position-1] [INFO] [1790848657.764120433] [pick_at_position.moveit.ros.move_group_interface]: Planning request accepted
[pick_at_position-1] [INFO] [1790848657.806812929] [pick_at_position.moveit.ros.move_group_interface]: Planning request complete!
[pick_at_position-1] [INFO] [1790848657.807141202] [pick_at_position.moveit.ros.move_group_interface]: time taken to generate plan: 0.033397 seconds
[pick_at_position-1] [INFO] [1790848657.807442737] [pick_at_position.moveit.ros.move_group_interface]: Execute request accepted
[pick_at_position-1] [INFO] [1790848664.913901396] [pick_at_position.moveit.ros.move_group_interface]: Execute request success!
[pick_at_position-1] [INFO] [1790848664.914894836] [pick_at_position]: Absolute pre-grasp completed.
[pick_at_position-1] [INFO] [1790848665.417714037] [pick_at_position]: Vertical grasp approach Cartesian target: X=0.487 Y=0.109 Z=0.169
[pick_at_position-1] [INFO] [1790848665.422421827] [pick_at_position]: Vertical grasp approach Cartesian path completed: 100.0%
[pick_at_position-1] [ERROR] [1790848665.422554419] [planning_scene_interface_104602975220096.pick_at_position.moveit.core.time_optimal_trajectory_generation]: No acceleration limit was defined for joint shoulder_pan_joint! You have to define acceleration limits in the URDF or joint_limits.yaml
[pick_at_position-1] [ERROR] [1790848665.422588244] [pick_at_position]: Vertical grasp approach: Cartesian time parameterization failed.
[pick_at_position-1] [ERROR] [1790848665.422614134] [pick_at_position]: ========== ABSOLUTE POSITION PICK STOPPED ==========
[ERROR] [pick_at_position-1]: process has died [pid 286916, exit code 1, cmd '/home/aisc216/ur5_ws/install_jazzy_port/ur5_moveit_demo/lib/ur5_moveit_demo/pick_at_position --ros-args -r __node:=pick_at_position --params-file /tmp/launch_params_398khw9f --params-file /tmp/launch_params_5y04h0_a --params-file /tmp/launch_params_fni7ol_0 --params-file /tmp/launch_params_ge018dhe --params-file /tmp/launch_params_np64ndcd --params-file /tmp/launch_params_24rut_3p --params-file /tmp/launch_params_4l1qvpzv --params-file /tmp/launch_params__bfmk20h --params-file /tmp/launch_params_xordim2m --params-file /tmp/launch_params_o5l1lxvr --params-file /tmp/launch_params_mwbk4ish --params-file /tmp/launch_params_u6npech2 --params-file /tmp/launch_params_6m6cfsdi --params-file /tmp/launch_params_5u3qolee --params-file /tmp/launch_params_q9e48uk_ --params-file /tmp/launch_params_eizhge7t'].
