[INFO] [launch]: All log files can be found below /home/aisc216/.ros/log/2026-10-01-17-54-38-787091-aisc-3080-286106
[INFO] [launch]: Default logging verbosity is set to INFO
WARNING:root:[33;21mCannot infer URDF from `/home/aisc216/ur5_ws/install_jazzy_port/ur5_moveit_demo/share/ur5_moveit_demo`. -- using config/ur.urdf[0m
WARNING:root:[33;21mCannot infer SRDF from `/home/aisc216/ur5_ws/install_jazzy_port/ur5_moveit_demo/share/ur5_moveit_demo`. -- using config/ur.srdf[0m
[INFO] [pick_at_position-1]: process started with pid [286109]
[pick_at_position-1] [WARN] [1790848479.019312626] [rcl]: ROS_LOCALHOST_ONLY is deprecated but still honored if it is enabled. Use ROS_AUTOMATIC_DISCOVERY_RANGE and ROS_STATIC_PEERS instead.
[pick_at_position-1] [WARN] [1790848479.019323328] [rcl]: 'localhost_only' is enabled, 'automatic_discovery_range' and 'static_peers' will be ignored.
[pick_at_position-1] [WARN] [1790848479.033994461] [rcl.logging_rosout]: Publisher already registered for node name: 'pick_at_position'. If this is due to multiple nodes with the same name then all logs for the logger named 'pick_at_position' will go out over the existing publisher. As soon as any node with that name is destructed it will unregister the publisher, preventing any further logs for that name from being published on the rosout topic.
[pick_at_position-1] [INFO] [1790848479.038229809] [pick_at_position.moveit.ros.rdf_loader]: Loaded robot model in 0.00230353 seconds
[pick_at_position-1] [INFO] [1790848479.038297068] [pick_at_position.moveit.core.robot_model]: Loading robot model 'ur'...
[pick_at_position-1] [INFO] [1790848479.038307619] [pick_at_position.moveit.core.robot_model]: No root/virtual joint specified in SRDF. Assuming fixed joint
[pick_at_position-1] [INFO] [1790848479.047076175] [pick_at_position.moveit.kinematics.kdl_kinematics_plugin]: Joint weights for group 'ur_manipulator': 1 1 1 1 1 1
[pick_at_position-1] [INFO] [1790848482.960311424] [pick_at_position.moveit.ros.move_group_interface]: Ready to take commands for planning group ur_manipulator.
[pick_at_position-1] [INFO] [1790848482.964911744] [pick_at_position]: Planning frame: world
[pick_at_position-1] [INFO] [1790848482.964928891] [pick_at_position]: OBJECT_TARGET source=parameters frame=world center=(0.4869, 0.1091, 0.0100) m
[pick_at_position-1] [INFO] [1790848482.964934945] [pick_at_position]: GRASP_CONFIG offset=0.1090 m clearance=0.1500 m approach=0.1000 m lift=0.1200 m closed=0.3760 rad lift_velocity_scale=0.030
[pick_at_position-1] [INFO] [1790848482.964940196] [pick_at_position]: GRASP_ORIENTATION roll=180.0 pitch=0.0 yaw=90.0 deg
[pick_at_position-1] [INFO] [1790848482.976768680] [pick_at_position]: PLANNING_SCENE_FLOOR_ADDED size=3.00 m top_z=-0.0010 m
[pick_at_position-1] [INFO] [1790848482.980255734] [pick_at_position]: Waiting for gripper action server...
[pick_at_position-1] [INFO] [1790848482.980329779] [pick_at_position]: Sending gripper command: position=0.0000
[pick_at_position-1] [INFO] [1790848483.031095193] [pick_at_position]: Gripper reached position 0.0000
[pick_at_position-1] [INFO] [1790848483.031145170] [pick_at_position]: Moving UR5 to named target: test_configuration
[pick_at_position-1] [INFO] [1790848483.031344826] [pick_at_position.moveit.ros.move_group_interface]: MoveGroup action client/server ready
[pick_at_position-1] [INFO] [1790848483.032153575] [pick_at_position.moveit.ros.move_group_interface]: Planning request accepted
[pick_at_position-1] [INFO] [1790848483.073200727] [pick_at_position.moveit.ros.move_group_interface]: Planning request complete!
[pick_at_position-1] [INFO] [1790848483.074051386] [pick_at_position.moveit.ros.move_group_interface]: time taken to generate plan: 0.0353718 seconds
[pick_at_position-1] [INFO] [1790848483.074427469] [pick_at_position.moveit.ros.move_group_interface]: Execute request accepted
[pick_at_position-1] [INFO] [1790848487.132724922] [pick_at_position.moveit.ros.move_group_interface]: Execute request success!
[pick_at_position-1] [INFO] [1790848487.133775691] [pick_at_position]: UR5 reached 'test_configuration'.
[pick_at_position-1] [INFO] [1790848487.634585549] [pick_at_position.moveit.ros.current_state_monitor]: Listening to joint states on topic 'joint_states'
[pick_at_position-1] [INFO] [1790848487.636557447] [pick_at_position]: PREGRASP_CENTER world=(0.4869, 0.1091, 0.1600) m
[pick_at_position-1] [INFO] [1790848487.636584520] [pick_at_position]: Absolute pre-grasp tool0 target: X=0.4869 Y=0.1091 Z=0.2690
[pick_at_position-1] [INFO] [1790848487.636666466] [pick_at_position.moveit.ros.move_group_interface]: MoveGroup action client/server ready
[pick_at_position-1] [INFO] [1790848487.637000449] [pick_at_position.moveit.ros.move_group_interface]: Planning request accepted
[pick_at_position-1] [INFO] [1790848487.672527978] [pick_at_position.moveit.ros.move_group_interface]: Planning request complete!
[pick_at_position-1] [INFO] [1790848487.672571482] [pick_at_position.moveit.ros.move_group_interface]: time taken to generate plan: 0.0263707 seconds
[pick_at_position-1] [INFO] [1790848487.672838998] [pick_at_position.moveit.ros.move_group_interface]: Execute request accepted
[pick_at_position-1] [INFO] [1790848494.780637096] [pick_at_position.moveit.ros.move_group_interface]: Execute request success!
[pick_at_position-1] [INFO] [1790848494.780671790] [pick_at_position]: Absolute pre-grasp completed.
[pick_at_position-1] [INFO] [1790848495.280768389] [pick_at_position]: PREGRASP_ONLY_SUCCEEDED; stopped before descent and gripper closure.
[INFO] [pick_at_position-1]: process has finished cleanly [pid 286109]
