[INFO] [launch]: All log files can be found below /home/aisc216/.ros/log/2026-10-01-17-50-59-075592-aisc-3080-285191
[INFO] [launch]: Default logging verbosity is set to INFO
WARNING:root:[33;21mCannot infer URDF from `/home/aisc216/ur5_ws/install_jazzy_port/ur5_moveit_demo/share/ur5_moveit_demo`. -- using config/ur.urdf[0m
WARNING:root:[33;21mCannot infer SRDF from `/home/aisc216/ur5_ws/install_jazzy_port/ur5_moveit_demo/share/ur5_moveit_demo`. -- using config/ur.srdf[0m
[INFO] [robot_state_publisher-1]: process started with pid [285217]
[INFO] [ros2_control_node-2]: process started with pid [285218]
[robot_state_publisher-1] [WARN] [1790848259.342836034] [rcl]: ROS_LOCALHOST_ONLY is deprecated but still honored if it is enabled. Use ROS_AUTOMATIC_DISCOVERY_RANGE and ROS_STATIC_PEERS instead.
[robot_state_publisher-1] [WARN] [1790848259.342845803] [rcl]: 'localhost_only' is enabled, 'automatic_discovery_range' and 'static_peers' will be ignored.
[ros2_control_node-2] [WARN] [1790848259.348396515] [rcl]: ROS_LOCALHOST_ONLY is deprecated but still honored if it is enabled. Use ROS_AUTOMATIC_DISCOVERY_RANGE and ROS_STATIC_PEERS instead.
[ros2_control_node-2] [WARN] [1790848259.348404405] [rcl]: 'localhost_only' is enabled, 'automatic_discovery_range' and 'static_peers' will be ignored.
[robot_state_publisher-1] [INFO] [1790848259.359573467] [robot_state_publisher]: Robot initialized
[ros2_control_node-2] [INFO] [1790848259.363294626] [controller_manager]: Using Steady (Monotonic) clock for triggering controller manager cycles.
[ros2_control_node-2] [INFO] [1790848259.365557327] [controller_manager]: Subscribing to '/robot_description' topic for robot description.
[ros2_control_node-2] [INFO] [1790848259.366806148] [controller_manager]: update rate is 500 Hz
[ros2_control_node-2] [INFO] [1790848259.366816995] [controller_manager]: Overruns handling is : enabled
[ros2_control_node-2] [INFO] [1790848259.366820903] [controller_manager]: Spawning controller_manager RT thread with scheduler priority: 50
[ros2_control_node-2] [WARN] [1790848259.366865040] [controller_manager]: Could not enable FIFO RT scheduling policy: with error number <1>(Operation not permitted). See [https://control.ros.org/master/doc/ros2_control/controller_manager/doc/userdoc.html] for details on how to enable realtime scheduling.
[ros2_control_node-2] [INFO] [1790848259.710077104] [controller_manager]: Received robot description from topic.
[ros2_control_node-2] [INFO] [1790848259.712234024] [controller_manager]: Loading hardware 'ur' 
[ros2_control_node-2] [INFO] [1790848259.712538461] [controller_manager]: Loaded hardware 'ur' from plugin 'mock_components/GenericSystem'
[ros2_control_node-2] [INFO] [1790848259.712591682] [controller_manager]: Initialize hardware 'ur' 
[ros2_control_node-2] [INFO] [1790848259.716239667] [controller_manager]: Successful initialization of hardware 'ur'
[ros2_control_node-2] [INFO] [1790848259.716459121] [controller_manager]: Loading hardware 'RobotiqGripperHardwareInterface' 
[ros2_control_node-2] [INFO] [1790848259.716476954] [controller_manager]: Loaded hardware 'RobotiqGripperHardwareInterface' from plugin 'mock_components/GenericSystem'
[ros2_control_node-2] [INFO] [1790848259.716500749] [controller_manager]: Initialize hardware 'RobotiqGripperHardwareInterface' 
[ros2_control_node-2] [INFO] [1790848259.719866838] [controller_manager]: Successful initialization of hardware 'RobotiqGripperHardwareInterface'
[ros2_control_node-2] [INFO] [1790848259.719952491] [resource_manager]: 'configure' hardware 'RobotiqGripperHardwareInterface' 
[ros2_control_node-2] [INFO] [1790848259.719962280] [resource_manager]: Successful 'configure' of hardware 'RobotiqGripperHardwareInterface'
[ros2_control_node-2] [INFO] [1790848259.719966847] [resource_manager]: 'activate' hardware 'RobotiqGripperHardwareInterface' 
[ros2_control_node-2] [INFO] [1790848259.719973525] [resource_manager]: Successful 'activate' of hardware 'RobotiqGripperHardwareInterface'
[ros2_control_node-2] [INFO] [1790848259.720022951] [resource_manager]: 'configure' hardware 'ur' 
[ros2_control_node-2] [INFO] [1790848259.720030925] [resource_manager]: Successful 'configure' of hardware 'ur'
[ros2_control_node-2] [INFO] [1790848259.720036026] [resource_manager]: 'activate' hardware 'ur' 
[ros2_control_node-2] [INFO] [1790848259.720038252] [resource_manager]: Successful 'activate' of hardware 'ur'
[ros2_control_node-2] [INFO] [1790848259.720052074] [controller_manager]: Registering statistics for : RobotiqGripperHardwareInterface
[ros2_control_node-2] [INFO] [1790848259.720093536] [controller_manager]: Registering statistics for : ur
[ros2_control_node-2] [INFO] [1790848259.720124909] [controller_manager]: Resource Manager has been successfully initialized. Starting Controller Manager services...
[INFO] [spawner-3]: process started with pid [285289]
[spawner-3] [WARN] [1790848261.585779707] [rcl]: ROS_LOCALHOST_ONLY is deprecated but still honored if it is enabled. Use ROS_AUTOMATIC_DISCOVERY_RANGE and ROS_STATIC_PEERS instead.
[spawner-3] [WARN] [1790848261.585786682] [rcl]: 'localhost_only' is enabled, 'automatic_discovery_range' and 'static_peers' will be ignored.
[spawner-3] [INFO] [1790848261.644295092] [spawner_joint_state_broadcaster]: waiting for service /controller_manager/list_controllers to become available...
[INFO] [spawner-4]: process started with pid [285321]
[spawner-4] [WARN] [1790848262.589868609] [rcl]: ROS_LOCALHOST_ONLY is deprecated but still honored if it is enabled. Use ROS_AUTOMATIC_DISCOVERY_RANGE and ROS_STATIC_PEERS instead.
[spawner-4] [WARN] [1790848262.589875618] [rcl]: 'localhost_only' is enabled, 'automatic_discovery_range' and 'static_peers' will be ignored.
[INFO] [spawner-5]: process started with pid [285326]
[spawner-5] [WARN] [1790848263.089949542] [rcl]: ROS_LOCALHOST_ONLY is deprecated but still honored if it is enabled. Use ROS_AUTOMATIC_DISCOVERY_RANGE and ROS_STATIC_PEERS instead.
[spawner-5] [WARN] [1790848263.089956907] [rcl]: 'localhost_only' is enabled, 'automatic_discovery_range' and 'static_peers' will be ignored.
[ros2_control_node-2] [INFO] [1790848263.146031667] [controller_manager]: Loading controller : 'joint_state_broadcaster' of type 'joint_state_broadcaster/JointStateBroadcaster'
[ros2_control_node-2] [INFO] [1790848263.146068980] [controller_manager]: Loading controller 'joint_state_broadcaster'
[ros2_control_node-2] [INFO] [1790848263.148191979] [controller_manager]: Controller 'joint_state_broadcaster' node arguments: --ros-args --params-file /tmp/launch_params_3g55p0ou --params-file /home/aisc216/ur5_ws/install_jazzy_port/ur5_moveit_demo/share/ur5_moveit_demo/config/combined_controllers.yaml 
[spawner-3] [INFO] [1790848263.156096377] [spawner_joint_state_broadcaster]: Loaded joint_state_broadcaster
[ros2_control_node-2] [INFO] [1790848263.156827147] [controller_manager]: Configuring controller: 'joint_state_broadcaster'
[ros2_control_node-2] [INFO] [1790848263.156912719] [joint_state_broadcaster]: 'joints' or 'interfaces' parameter is empty. All available state interfaces will be published
[ros2_control_node-2] [INFO] [1790848263.164051223] [controller_manager]: Activating controllers: [ joint_state_broadcaster ]
[ros2_control_node-2] [INFO] [1790848263.165165496] [controller_manager]: Successfully switched controllers!
[spawner-3] [INFO] [1790848263.167896942] [spawner_joint_state_broadcaster]: Configured and activated joint_state_broadcaster
[spawner-5] [INFO] [1790848263.249699906] [spawner_robotiq_gripper_controller]: waiting for service /controller_manager/list_controllers to become available...
[INFO] [spawner-3]: process has finished cleanly [pid 285289]
[INFO] [spawner-6]: process started with pid [285342]
[spawner-6] [WARN] [1790848263.581028729] [rcl]: ROS_LOCALHOST_ONLY is deprecated but still honored if it is enabled. Use ROS_AUTOMATIC_DISCOVERY_RANGE and ROS_STATIC_PEERS instead.
[spawner-6] [WARN] [1790848263.581035509] [rcl]: 'localhost_only' is enabled, 'automatic_discovery_range' and 'static_peers' will be ignored.
[INFO] [move_group-7]: process started with pid [285348]
[INFO] [rviz2-8]: process started with pid [285349]
[move_group-7] [WARN] [1790848264.441794576] [rcl]: ROS_LOCALHOST_ONLY is deprecated but still honored if it is enabled. Use ROS_AUTOMATIC_DISCOVERY_RANGE and ROS_STATIC_PEERS instead.
[move_group-7] [WARN] [1790848264.441805565] [rcl]: 'localhost_only' is enabled, 'automatic_discovery_range' and 'static_peers' will be ignored.
[move_group-7] [INFO] [1790848264.464197738] [move_group.moveit.moveit.ros.rdf_loader]: Loaded robot model in 0.00304246 seconds
[move_group-7] [INFO] [1790848264.464291292] [move_group.moveit.moveit.core.robot_model]: Loading robot model 'ur'...
[move_group-7] [INFO] [1790848264.464309563] [move_group.moveit.moveit.core.robot_model]: No root/virtual joint specified in SRDF. Assuming fixed joint
[move_group-7] [INFO] [1790848264.472820658] [move_group.moveit.moveit.kinematics.kdl_kinematics_plugin]: Joint weights for group 'ur_manipulator': 1 1 1 1 1 1
[move_group-7] [INFO] [1790848264.506758236] [move_group.moveit.moveit.ros.planning_scene_monitor]: Publishing maintained planning scene on 'monitored_planning_scene'
[move_group-7] [INFO] [1790848264.506899181] [move_group.moveit.moveit.ros.moveit_cpp]: Listening to 'joint_states' for joint states
[move_group-7] [INFO] [1790848264.507540630] [move_group.moveit.moveit.ros.current_state_monitor]: Listening to joint states on topic 'joint_states'
[move_group-7] [INFO] [1790848264.507858819] [move_group.moveit.moveit.ros.planning_scene_monitor]: Listening to '/attached_collision_object' for attached collision objects
[move_group-7] [INFO] [1790848264.507874500] [move_group.moveit.moveit.ros.planning_scene_monitor]: Stopping existing planning scene publisher.
[move_group-7] [INFO] [1790848264.507970834] [move_group.moveit.moveit.ros.planning_scene_monitor]: Stopped publishing maintained planning scene.
[move_group-7] [INFO] [1790848264.508202961] [move_group.moveit.moveit.ros.planning_scene_monitor]: Publishing maintained planning scene on 'monitored_planning_scene'
[move_group-7] [INFO] [1790848264.508272282] [move_group.moveit.moveit.ros.planning_scene_monitor]: Starting planning scene monitor
[move_group-7] [INFO] [1790848264.508644361] [move_group.moveit.moveit.ros.planning_scene_monitor]: Listening to '/planning_scene'
[move_group-7] [INFO] [1790848264.508657497] [move_group.moveit.moveit.ros.planning_scene_monitor]: Starting world geometry update monitor for collision objects, attached objects, octomap updates.
[move_group-7] [INFO] [1790848264.508922452] [move_group.moveit.moveit.ros.planning_scene_monitor]: Listening to 'collision_object'
[move_group-7] [INFO] [1790848264.509192437] [move_group.moveit.moveit.ros.planning_scene_monitor]: Listening to 'planning_scene_world' for planning scene world geometry
[move_group-7] [WARN] [1790848264.509291758] [move_group.moveit.moveit.ros.occupancy_map_monitor]: Resolution not specified for Octomap. Assuming resolution = 0.1 instead
[move_group-7] [ERROR] [1790848264.509303769] [move_group.moveit.moveit.ros.occupancy_map_monitor]: No 3D sensor plugin(s) defined for octomap updates
[rviz2-8] [WARN] [1790848264.518591153] [rcl]: ROS_LOCALHOST_ONLY is deprecated but still honored if it is enabled. Use ROS_AUTOMATIC_DISCOVERY_RANGE and ROS_STATIC_PEERS instead.
[rviz2-8] [WARN] [1790848264.518600845] [rcl]: 'localhost_only' is enabled, 'automatic_discovery_range' and 'static_peers' will be ignored.
[move_group-7] [INFO] [1790848264.523018052] [move_group.moveit.moveit.ros.planning_pipeline]: Successfully loaded planner 'OMPL'
[move_group-7] [INFO] [1790848264.523731596] [move_group]: Try loading adapter 'default_planning_request_adapters/ResolveConstraintFrames'
[move_group-7] [INFO] [1790848264.524463138] [move_group]: Loaded adapter 'default_planning_request_adapters/ResolveConstraintFrames'
[move_group-7] [INFO] [1790848264.524479065] [move_group]: Try loading adapter 'default_planning_request_adapters/ValidateWorkspaceBounds'
[move_group-7] [INFO] [1790848264.524664485] [move_group]: Loaded adapter 'default_planning_request_adapters/ValidateWorkspaceBounds'
[move_group-7] [INFO] [1790848264.524676633] [move_group]: Try loading adapter 'default_planning_request_adapters/CheckStartStateBounds'
[move_group-7] [INFO] [1790848264.524705405] [move_group]: Loaded adapter 'default_planning_request_adapters/CheckStartStateBounds'
[move_group-7] [INFO] [1790848264.524714629] [move_group]: Try loading adapter 'default_planning_request_adapters/CheckStartStateCollision'
[move_group-7] [INFO] [1790848264.524729887] [move_group]: Loaded adapter 'default_planning_request_adapters/CheckStartStateCollision'
[move_group-7] [INFO] [1790848264.525480223] [move_group]: Try loading adapter 'default_planning_response_adapters/AddTimeOptimalParameterization'
[move_group-7] [INFO] [1790848264.527034006] [move_group]: Loaded adapter 'default_planning_response_adapters/AddTimeOptimalParameterization'
[move_group-7] [INFO] [1790848264.527048852] [move_group]: Try loading adapter 'default_planning_response_adapters/ValidateSolution'
[move_group-7] [INFO] [1790848264.528697228] [move_group]: Loaded adapter 'default_planning_response_adapters/ValidateSolution'
[move_group-7] [INFO] [1790848264.528712368] [move_group]: Try loading adapter 'default_planning_response_adapters/DisplayMotionPath'
[move_group-7] [INFO] [1790848264.529134548] [move_group]: Loaded adapter 'default_planning_response_adapters/DisplayMotionPath'
[move_group-7] [INFO] [1790848264.544826903] [move_group.moveit.moveit.plugins.simple_controller_manager]: Added FollowJointTrajectory controller for scaled_joint_trajectory_controller
[move_group-7] [INFO] [1790848264.546221167] [move_group.moveit.moveit.plugins.simple_controller_manager]: Added FollowJointTrajectory controller for joint_trajectory_controller
[move_group-7] [INFO] [1790848264.546377037] [move_group.moveit.moveit.plugins.simple_controller_manager]: Returned 2 controllers in list
[move_group-7] [INFO] [1790848264.546411209] [move_group.moveit.moveit.plugins.simple_controller_manager]: Returned 2 controllers in list
[move_group-7] [INFO] [1790848264.546714572] [move_group.moveit.moveit.ros.trajectory_execution_manager]: Trajectory execution is not managing controllers
[move_group-7] [INFO] [1790848264.546733279] [move_group]: MoveGroup debug mode is ON
[move_group-7] [INFO] [1790848264.557764700] [move_group.moveit.moveit.ros.move_group.executable]: 
[move_group-7] 
[move_group-7] ********************************************************
[move_group-7] * MoveGroup using: 
[move_group-7] *     - apply_planning_scene_service
[move_group-7] *     - clear_octomap_service
[move_group-7] *     - get_group_urdf
[move_group-7] *     - load_geometry_from_file
[move_group-7] *     - CartesianPathService
[move_group-7] *     - execute_trajectory_action
[move_group-7] *     - get_planning_scene_service
[move_group-7] *     - kinematics_service
[move_group-7] *     - move_action
[move_group-7] *     - motion_plan_service
[move_group-7] *     - query_planners_service
[move_group-7] *     - state_validation_service
[move_group-7] *     - save_geometry_to_file
[move_group-7] ********************************************************
[move_group-7] 
[move_group-7] [INFO] [1790848264.557814658] [move_group.moveit.moveit.ros.move_group.context]: MoveGroup context using pipeline ompl
[move_group-7] [INFO] [1790848264.557832996] [move_group.moveit.moveit.ros.move_group.context]: MoveGroup context initialization complete
[move_group-7] [96mLoading 'move_group/ApplyPlanningSceneService'...[0m
[move_group-7] [96mLoading 'move_group/ClearOctomapService'...[0m
[move_group-7] [96mLoading 'move_group/GetUrdfService'...[0m
[move_group-7] [96mLoading 'move_group/LoadGeometryFromFileService'...[0m
[move_group-7] [96mLoading 'move_group/MoveGroupCartesianPathService'...[0m
[move_group-7] [96mLoading 'move_group/MoveGroupExecuteTrajectoryAction'...[0m
[move_group-7] [96mLoading 'move_group/MoveGroupGetPlanningSceneService'...[0m
[move_group-7] [96mLoading 'move_group/MoveGroupKinematicsService'...[0m
[move_group-7] [96mLoading 'move_group/MoveGroupMoveAction'...[0m
[move_group-7] [96mLoading 'move_group/MoveGroupPlanService'...[0m
[move_group-7] [96mLoading 'move_group/MoveGroupQueryPlannersService'...[0m
[move_group-7] [96mLoading 'move_group/MoveGroupStateValidationService'...[0m
[move_group-7] [96mLoading 'move_group/SaveGeometryToFileService'...[0m
[move_group-7] 
[move_group-7] [92mYou can start planning now![0m
[move_group-7] 
[rviz2-8] [INFO] [1790848265.162346947] [rviz2]: Stereo is NOT SUPPORTED
[rviz2-8] [INFO] [1790848265.162394701] [rviz2]: OpenGl version: 4.6 (GLSL 4.6)
[rviz2-8] [INFO] [1790848265.261400612] [rviz2]: Stereo is NOT SUPPORTED
[rviz2-8] Warning: class_loader.impl: SEVERE WARNING!!! A namespace collision has occurred with plugin factory for class rviz_default_plugins::displays::InteractiveMarkerDisplay. New factory will OVERWRITE existing one. This situation occurs when libraries containing plugins are directly linked against an executable (the one running right now generating this message). Please separate plugins out into their own library or just don't link against the library and use either class_loader::ClassLoader/MultiLibraryClassLoader to open.
[rviz2-8]          at line 321 in /opt/ros/jazzy/include/class_loader/class_loader/class_loader_core.hpp
[rviz2-8] [WARN] [1790848265.323194389] [rcl.logging_rosout]: Publisher already registered for node name: 'rviz2_moveit'. If this is due to multiple nodes with the same name then all logs for the logger named 'rviz2_moveit' will go out over the existing publisher. As soon as any node with that name is destructed it will unregister the publisher, preventing any further logs for that name from being published on the rosout topic.
[ros2_control_node-2] [INFO] [1790848266.046105153] [controller_manager]: Received robot description from topic.
[ros2_control_node-2] [WARN] [1790848266.046132709] [controller_manager]: ResourceManager has already loaded a urdf. Ignoring attempt to reload a robot description.
[ros2_control_node-2] [INFO] [1790848266.252085732] [controller_manager]: Loading controller : 'robotiq_gripper_controller' of type 'position_controllers/GripperActionController'
[ros2_control_node-2] [INFO] [1790848266.252111804] [controller_manager]: Loading controller 'robotiq_gripper_controller'
[ros2_control_node-2] [INFO] [1790848266.253061587] [controller_manager]: Controller 'robotiq_gripper_controller' node arguments: --ros-args --params-file /tmp/launch_params_3g55p0ou --params-file /home/aisc216/ur5_ws/install_jazzy_port/ur5_moveit_demo/share/ur5_moveit_demo/config/combined_controllers.yaml 
[ros2_control_node-2] [WARN] [1790848266.258295585] [robotiq_gripper_controller]: [Deprecated]: the `position_controllers/GripperActionController` and `effort_controllers::GripperActionController` controllers are replaced by 'parallel_gripper_controllers/GripperActionController' controller
[spawner-5] [INFO] [1790848266.260075518] [spawner_robotiq_gripper_controller]: Loaded robotiq_gripper_controller
[ros2_control_node-2] [INFO] [1790848266.260700550] [controller_manager]: Configuring controller: 'robotiq_gripper_controller'
[ros2_control_node-2] [INFO] [1790848266.260743414] [robotiq_gripper_controller]: Action status changes will be monitored at 20.000000 Hz.
[ros2_control_node-2] [INFO] [1790848266.261942597] [controller_manager]: Activating controllers: [ robotiq_gripper_controller ]
[ros2_control_node-2] [INFO] [1790848266.265522352] [controller_manager]: Successfully switched controllers!
[ros2_control_node-2] [WARN] [1790848266.265523297] [controller_manager]: Overrun might occur, Total time : 2450.643 us (Expected < 2000.000 us) --> Read time : 15.156 us, Update time : 2431.818 us (Switch time : 2422.397 us (Switch chained mode time : 0.335 us, perform mode change time : 2.408 us, Activation time : 2418.660 us, Deactivation time : 0.113 us)), Write time : 3.669 us
[ros2_control_node-2] [WARN] [1790848266.265575519] [controller_manager]: Overrun detected! The controller manager missed its desired rate of 500 Hz. The loop took 2.560215 ms (missed cycles : 2).
[spawner-5] [INFO] [1790848266.268115630] [spawner_robotiq_gripper_controller]: Configured and activated robotiq_gripper_controller
[spawner-6] [INFO] [1790848266.349292183] [spawner_robotiq_activation_controller]: waiting for service /controller_manager/list_controllers to become available...
[INFO] [spawner-5]: process has finished cleanly [pid 285326]
[rviz2-8] [ERROR] [1790848268.348537819] [rviz2_moveit.moveit.ros.motion_planning_frame]: Action server: /recognize_objects not available
[rviz2-8] [INFO] [1790848268.357569414] [rviz2_moveit.moveit.ros.motion_planning_frame]: MoveGroup namespace changed: / -> . Reloading params.
[ros2_control_node-2] [INFO] [1790848268.399007387] [controller_manager]: Received robot description from topic.
[ros2_control_node-2] [WARN] [1790848268.399036171] [controller_manager]: ResourceManager has already loaded a urdf. Ignoring attempt to reload a robot description.
[rviz2-8] [INFO] [1790848268.401779596] [rviz2_moveit.moveit.ros.rdf_loader]: Loaded robot model in 0.00371843 seconds
[rviz2-8] [INFO] [1790848268.401836030] [rviz2_moveit.moveit.core.robot_model]: Loading robot model 'ur'...
[rviz2-8] [INFO] [1790848268.401859255] [rviz2_moveit.moveit.core.robot_model]: No root/virtual joint specified in SRDF. Assuming fixed joint
[rviz2-8] [INFO] [1790848268.414905259] [rviz2_moveit.moveit.kinematics.kdl_kinematics_plugin]: Joint weights for group 'ur_manipulator': 1 1 1 1 1 1
[rviz2-8] [INFO] [1790848268.446114300] [rviz2_moveit.moveit.ros.planning_scene_monitor]: Publishing maintained planning scene on 'monitored_planning_scene'
[rviz2-8] [INFO] [1790848268.463731263] [rviz2_moveit.moveit.ros.planning_scene_monitor]: Starting planning scene monitor
[rviz2-8] [INFO] [1790848268.464192300] [rviz2_moveit.moveit.ros.planning_scene_monitor]: Listening to '/monitored_planning_scene'
[rviz2-8] [INFO] [1790848268.658698494] [interactive_marker_display_106822254364272]: Connected on namespace: /rviz_moveit_motion_planning_display/robot_interaction_interactive_marker_topic
[rviz2-8] [INFO] [1790848268.666434648] [rviz2_moveit.moveit.ros.motion_planning_frame]: group ur_manipulator
[rviz2-8] [INFO] [1790848268.666454407] [rviz2_moveit.moveit.ros.motion_planning_frame]: Constructing new MoveGroup connection for group 'ur_manipulator' in namespace ''
[rviz2-8] [INFO] [1790848268.674646941] [rviz2_moveit.moveit.ros.move_group_interface]: Ready to take commands for planning group ur_manipulator.
[rviz2-8] [INFO] [1790848268.676854859] [interactive_marker_display_106822254364272]: Sending request for interactive markers
[rviz2-8] [INFO] [1790848268.712191562] [interactive_marker_display_106822254364272]: Service response received for initialization
[ros2_control_node-2] [INFO] [1790848269.351686363] [controller_manager]: Loading controller : 'robotiq_activation_controller' of type 'robotiq_controllers/RobotiqActivationController'
[ros2_control_node-2] [INFO] [1790848269.351714191] [controller_manager]: Loading controller 'robotiq_activation_controller'
[ros2_control_node-2] [INFO] [1790848269.352656718] [controller_manager]: Controller 'robotiq_activation_controller' node arguments: --ros-args --params-file /tmp/launch_params_3g55p0ou --params-file /home/aisc216/ur5_ws/install_jazzy_port/ur5_moveit_demo/share/ur5_moveit_demo/config/combined_controllers.yaml 
[spawner-6] [INFO] [1790848269.360168747] [spawner_robotiq_activation_controller]: Loaded robotiq_activation_controller
[ros2_control_node-2] [INFO] [1790848269.360825764] [controller_manager]: Configuring controller: 'robotiq_activation_controller'
[ros2_control_node-2] [INFO] [1790848269.362133992] [controller_manager]: Activating controllers: [ robotiq_activation_controller ]
[ros2_control_node-2] [INFO] [1790848269.364184364] [controller_manager]: Successfully switched controllers!
[spawner-6] [INFO] [1790848269.366058579] [spawner_robotiq_activation_controller]: Configured and activated robotiq_activation_controller
[spawner-4] [INFO] [1790848269.470650597] [spawner_joint_trajectory_controller]: waiting for service /controller_manager/list_controllers to become available...
[INFO] [spawner-6]: process has finished cleanly [pid 285342]
[ros2_control_node-2] [INFO] [1790848272.222896850] [controller_manager]: Loading controller : 'joint_trajectory_controller' of type 'joint_trajectory_controller/JointTrajectoryController'
[ros2_control_node-2] [INFO] [1790848272.222926072] [controller_manager]: Loading controller 'joint_trajectory_controller'
[ros2_control_node-2] [INFO] [1790848272.224154750] [controller_manager]: Controller 'joint_trajectory_controller' node arguments: --ros-args --params-file /tmp/launch_params_3g55p0ou --params-file /home/aisc216/ur5_ws/install_jazzy_port/ur5_moveit_demo/share/ur5_moveit_demo/config/combined_controllers.yaml 
[spawner-4] [INFO] [1790848272.238437279] [spawner_joint_trajectory_controller]: Loaded joint_trajectory_controller
[ros2_control_node-2] [INFO] [1790848272.239434104] [controller_manager]: Configuring controller: 'joint_trajectory_controller'
[ros2_control_node-2] [INFO] [1790848272.239591885] [joint_trajectory_controller]: No specific joint names are used for command interfaces. Using 'joints' parameter.
[ros2_control_node-2] [INFO] [1790848272.239620310] [joint_trajectory_controller]: Command interfaces are [position] and state interfaces are [position velocity].
[ros2_control_node-2] [INFO] [1790848272.239654024] [joint_trajectory_controller]: Using 'splines' interpolation method.
[ros2_control_node-2] [INFO] [1790848272.241815501] [joint_trajectory_controller]: Action status changes will be monitored at 20.00 Hz.
[ros2_control_node-2] [INFO] [1790848272.248243637] [controller_manager]: Activating controllers: [ joint_trajectory_controller ]
[ros2_control_node-2] [INFO] [1790848272.249276604] [controller_manager]: Successfully switched controllers!
[spawner-4] [INFO] [1790848272.252111393] [spawner_joint_trajectory_controller]: Configured and activated joint_trajectory_controller
[INFO] [spawner-4]: process has finished cleanly [pid 285321]
[move_group-7] [INFO] [1790848287.387927455] [move_group.moveit.moveit.ros.move_group.move_action]: MoveGroupMoveAction: Received request
[move_group-7] [INFO] [1790848287.388140454] [move_group.moveit.moveit.ros.move_group.move_action]: executing..
[move_group-7] [INFO] [1790848287.389204583] [move_group.moveit.moveit.ros.move_group.move_action]: Planning request received for MoveGroup action. Forwarding to planning pipeline.
[move_group-7] [INFO] [1790848287.389380635] [move_group]: Calling PlanningRequestAdapter 'ResolveConstraintFrames'
[move_group-7] [INFO] [1790848287.389421576] [move_group]: Calling PlanningRequestAdapter 'ValidateWorkspaceBounds'
[move_group-7] [WARN] [1790848287.389428036] [move_group.moveit.moveit.ros.validate_workspace_bounds]: It looks like the planning volume was not specified. Using default values.
[move_group-7] [INFO] [1790848287.389437338] [move_group]: Calling PlanningRequestAdapter 'CheckStartStateBounds'
[move_group-7] [INFO] [1790848287.389460559] [move_group]: Calling PlanningRequestAdapter 'CheckStartStateCollision'
[move_group-7] [INFO] [1790848287.390280526] [move_group.moveit.moveit.planners.ompl.model_based_planning_context]: Planner configuration 'ur_manipulator' will use planner 'geometric::RRTConnect'. Additional configuration parameters will be set when the planner is constructed.
[move_group-7] [INFO] [1790848287.390411136] [move_group]: Calling Planner 'OMPL'
[move_group-7] [WARN] [1790848297.391063630] [move_group.moveit.moveit.planners.ompl.model_based_planning_context]: Planning timed out: 10.0s ≥ 10.0s
[move_group-7] [ERROR] [1790848297.391116271] [move_group.moveit.moveit.planners.ompl.model_based_planning_context]: Unable to solve the planning problem
[move_group-7] [ERROR] [1790848297.391164897] [move_group]: Planner 'OMPL' failed with error code TIMED_OUT
[move_group-7] [ERROR] [1790848297.391178884] [move_group.moveit.moveit.ros.move_group.move_action]: Generating a plan with planning pipeline failed.
[move_group-7] [INFO] [1790848297.391207032] [move_group.moveit.moveit.ros.move_group.move_action]: FAILURE
[move_group-7] [INFO] [1790848400.417756877] [rclcpp]: signal_handler(SIGINT/SIGTERM)
[robot_state_publisher-1] [INFO] [1790848400.417756884] [rclcpp]: signal_handler(SIGINT/SIGTERM)
[ros2_control_node-2] [INFO] [1790848400.417757317] [rclcpp]: signal_handler(SIGINT/SIGTERM)
[ros2_control_node-2] [INFO] [1790848400.417811060] [controller_manager]: Shutdown request received....
[ros2_control_node-2] [INFO] [1790848400.417841361] [controller_manager]: Shutting down all controllers in the controller manager.
[ros2_control_node-2] [INFO] [1790848400.417862041] [controller_manager]: Deactivating controller 'robotiq_activation_controller'
[rviz2-8] [INFO] [1790848400.417763844] [rclcpp]: signal_handler(SIGINT/SIGTERM)
[ros2_control_node-2] [INFO] [1790848400.417912585] [controller_manager]: Shutting down controller 'robotiq_activation_controller'
[ros2_control_node-2] [INFO] [1790848400.418057363] [controller_manager]: Deactivating controller 'joint_trajectory_controller'
[ros2_control_node-2] [INFO] [1790848400.418096487] [controller_manager]: Shutting down controller 'joint_trajectory_controller'
[ros2_control_node-2] [INFO] [1790848400.418154950] [controller_manager]: Deactivating controller 'robotiq_gripper_controller'
[ros2_control_node-2] [INFO] [1790848400.418179642] [controller_manager]: Shutting down controller 'robotiq_gripper_controller'
[ros2_control_node-2] [INFO] [1790848400.418212092] [controller_manager]: Deactivating controller 'joint_state_broadcaster'
[ros2_control_node-2] [INFO] [1790848400.418236647] [controller_manager]: Shutting down controller 'joint_state_broadcaster'
[ros2_control_node-2] [INFO] [1790848400.418263496] [resource_manager]: 'deactivate' hardware 'RobotiqGripperHardwareInterface' 
[ros2_control_node-2] [INFO] [1790848400.418276788] [resource_manager]: Successful 'deactivate' of hardware 'RobotiqGripperHardwareInterface'
[ros2_control_node-2] [INFO] [1790848400.418279878] [resource_manager]: 'shutdown' hardware 'RobotiqGripperHardwareInterface' 
[ros2_control_node-2] [INFO] [1790848400.418282869] [resource_manager]: Successful 'shutdown' of hardware 'RobotiqGripperHardwareInterface'
[ros2_control_node-2] [INFO] [1790848400.418311834] [resource_manager]: 'deactivate' hardware 'ur' 
[ros2_control_node-2] [INFO] [1790848400.418315761] [resource_manager]: Successful 'deactivate' of hardware 'ur'
[ros2_control_node-2] [INFO] [1790848400.418317180] [resource_manager]: 'shutdown' hardware 'ur' 
[ros2_control_node-2] [INFO] [1790848400.418318880] [resource_manager]: Successful 'shutdown' of hardware 'ur'
[ros2_control_node-2] [INFO] [1790848400.418331505] [controller_manager]: Shutting down the controller manager.
[ros2_control_node-2] [ERROR] [1790848400.418400519] [controller_manager.pal_statistics]: Exception in publisher thread: context cannot be slept with because it's invalid!. Aborting!
[ros2_control_node-2] [ERROR] [1790848400.418400456] [controller_manager.pal_statistics]: Exception in publisher thread: context cannot be slept with because it's invalid!. Aborting!
