[INFO] [launch]: All log files can be found below /home/aisc216/.ros/log/2026-10-01-17-51-24-596007-aisc-3080-285495
[INFO] [launch]: Default logging verbosity is set to INFO
WARNING:root:[33;21mCannot infer URDF from `/home/aisc216/ur5_ws/install_jazzy_port/ur5_moveit_demo/share/ur5_moveit_demo`. -- using config/ur.urdf[0m
WARNING:root:[33;21mCannot infer SRDF from `/home/aisc216/ur5_ws/install_jazzy_port/ur5_moveit_demo/share/ur5_moveit_demo`. -- using config/ur.srdf[0m
[INFO] [pick_at_position-1]: process started with pid [285498]
[pick_at_position-1] [WARN] [1790848284.826870731] [rcl]: ROS_LOCALHOST_ONLY is deprecated but still honored if it is enabled. Use ROS_AUTOMATIC_DISCOVERY_RANGE and ROS_STATIC_PEERS instead.
[pick_at_position-1] [WARN] [1790848284.826884130] [rcl]: 'localhost_only' is enabled, 'automatic_discovery_range' and 'static_peers' will be ignored.
[pick_at_position-1] [INFO] [1790848284.843124527] [pick_at_position]: Waiting up to 5.0 s for measured object pose on /newton/object_pose...
[pick_at_position-1] [INFO] [1790848287.333281070] [pick_at_position]: MEASURED_OBJECT_POSE topic=/newton/object_pose frame=world center=(0.4869, 0.1092, 0.0110) m
[pick_at_position-1] [WARN] [1790848287.334021836] [rcl.logging_rosout]: Publisher already registered for node name: 'pick_at_position'. If this is due to multiple nodes with the same name then all logs for the logger named 'pick_at_position' will go out over the existing publisher. As soon as any node with that name is destructed it will unregister the publisher, preventing any further logs for that name from being published on the rosout topic.
[pick_at_position-1] [INFO] [1790848287.339975620] [pick_at_position.moveit.ros.rdf_loader]: Loaded robot model in 0.00246611 seconds
[pick_at_position-1] [INFO] [1790848287.340018551] [pick_at_position.moveit.core.robot_model]: Loading robot model 'ur'...
[pick_at_position-1] [INFO] [1790848287.340036053] [pick_at_position.moveit.core.robot_model]: No root/virtual joint specified in SRDF. Assuming fixed joint
[pick_at_position-1] [INFO] [1790848287.349859450] [pick_at_position.moveit.kinematics.kdl_kinematics_plugin]: Joint weights for group 'ur_manipulator': 1 1 1 1 1 1
[pick_at_position-1] [INFO] [1790848287.365690913] [pick_at_position.moveit.ros.move_group_interface]: Ready to take commands for planning group ur_manipulator.
[pick_at_position-1] [INFO] [1790848287.371897997] [pick_at_position]: Planning frame: world
[pick_at_position-1] [INFO] [1790848287.371915263] [pick_at_position]: OBJECT_TARGET source=newton_feedback frame=world center=(0.4869, 0.1092, 0.0110) m
[pick_at_position-1] [INFO] [1790848287.371923038] [pick_at_position]: GRASP_CONFIG offset=0.1090 m clearance=0.1500 m approach=0.1000 m lift=0.1200 m closed=0.3760 rad lift_velocity_scale=0.030
[pick_at_position-1] [INFO] [1790848287.371928390] [pick_at_position]: GRASP_ORIENTATION roll=180.0 pitch=0.0 yaw=90.0 deg
[pick_at_position-1] [INFO] [1790848287.383178563] [pick_at_position]: PLANNING_SCENE_FLOOR_ADDED size=3.00 m top_z=-0.0010 m
[pick_at_position-1] [INFO] [1790848287.387322072] [pick_at_position]: Absolute pre-grasp tool0 target: X=0.4869 Y=0.1092 Z=0.2700
[pick_at_position-1] [INFO] [1790848287.387414147] [pick_at_position.moveit.ros.move_group_interface]: MoveGroup action client/server ready
[pick_at_position-1] [INFO] [1790848287.388053106] [pick_at_position.moveit.ros.move_group_interface]: Planning request accepted
[pick_at_position-1] [INFO] [1790848297.391462286] [pick_at_position.moveit.ros.move_group_interface]: Planning request aborted
[pick_at_position-1] [ERROR] [1790848297.392476861] [pick_at_position.moveit.ros.move_group_interface]: MoveGroupInterface::plan() failed or timeout reached
[pick_at_position-1] [ERROR] [1790848297.392510429] [pick_at_position]: Absolute pre-grasp planning failed.
[ERROR] [pick_at_position-1]: process has died [pid 285498, exit code 1, cmd '/home/aisc216/ur5_ws/install_jazzy_port/ur5_moveit_demo/lib/ur5_moveit_demo/pick_at_position --ros-args -r __node:=pick_at_position --params-file /tmp/launch_params_yoirqmly --params-file /tmp/launch_params_dr19tv38 --params-file /tmp/launch_params_4l19lm2y --params-file /tmp/launch_params_x1p1r63s --params-file /tmp/launch_params_0scrj32r --params-file /tmp/launch_params_j2kojmni --params-file /tmp/launch_params_v1hbnln1 --params-file /tmp/launch_params_3x_0_8ot --params-file /tmp/launch_params_xcovdi3s --params-file /tmp/launch_params_hsxm3gf3 --params-file /tmp/launch_params_llu21ome --params-file /tmp/launch_params_71gqofme --params-file /tmp/launch_params_u_syfml3 --params-file /tmp/launch_params_62qzvwu7 --params-file /tmp/launch_params_zb5trv69 --params-file /tmp/launch_params_ex5yuo6y'].
