[INFO] [launch]: All log files can be found below /home/aisc216/.ros/log/2026-10-01-17-46-01-364026-aisc-3080-284085
[INFO] [launch]: Default logging verbosity is set to INFO
WARNING:root:[33;21mCannot infer URDF from `/home/aisc216/ur5_ws/install_jazzy_port/ur5_moveit_demo/share/ur5_moveit_demo`. -- using config/ur.urdf[0m
WARNING:root:[33;21mCannot infer SRDF from `/home/aisc216/ur5_ws/install_jazzy_port/ur5_moveit_demo/share/ur5_moveit_demo`. -- using config/ur.srdf[0m
[INFO] [robot_state_publisher-1]: process started with pid [284130]
[INFO] [ros2_control_node-2]: process started with pid [284131]
[robot_state_publisher-1] [WARN] [1790847961.633836894] [rcl]: ROS_LOCALHOST_ONLY is deprecated but still honored if it is enabled. Use ROS_AUTOMATIC_DISCOVERY_RANGE and ROS_STATIC_PEERS instead.
[robot_state_publisher-1] [WARN] [1790847961.633847162] [rcl]: 'localhost_only' is enabled, 'automatic_discovery_range' and 'static_peers' will be ignored.
[ros2_control_node-2] [WARN] [1790847961.640100298] [rcl]: ROS_LOCALHOST_ONLY is deprecated but still honored if it is enabled. Use ROS_AUTOMATIC_DISCOVERY_RANGE and ROS_STATIC_PEERS instead.
[ros2_control_node-2] [WARN] [1790847961.640110024] [rcl]: 'localhost_only' is enabled, 'automatic_discovery_range' and 'static_peers' will be ignored.
[robot_state_publisher-1] [INFO] [1790847961.649971207] [robot_state_publisher]: Robot initialized
[ros2_control_node-2] [INFO] [1790847961.656201979] [controller_manager]: Using Steady (Monotonic) clock for triggering controller manager cycles.
[ros2_control_node-2] [INFO] [1790847961.658525864] [controller_manager]: Subscribing to '/robot_description' topic for robot description.
[ros2_control_node-2] [INFO] [1790847961.659919424] [controller_manager]: update rate is 500 Hz
[ros2_control_node-2] [INFO] [1790847961.659932542] [controller_manager]: Overruns handling is : enabled
[ros2_control_node-2] [INFO] [1790847961.659936750] [controller_manager]: Spawning controller_manager RT thread with scheduler priority: 50
[ros2_control_node-2] [WARN] [1790847961.659980302] [controller_manager]: Could not enable FIFO RT scheduling policy: with error number <1>(Operation not permitted). See [https://control.ros.org/master/doc/ros2_control/controller_manager/doc/userdoc.html] for details on how to enable realtime scheduling.
[ros2_control_node-2] [INFO] [1790847961.832997990] [controller_manager]: Received robot description from topic.
[ros2_control_node-2] [INFO] [1790847961.835508748] [controller_manager]: Loading hardware 'ur' 
[ros2_control_node-2] [INFO] [1790847961.835976905] [controller_manager]: Loaded hardware 'ur' from plugin 'mock_components/GenericSystem'
[ros2_control_node-2] [INFO] [1790847961.836052040] [controller_manager]: Initialize hardware 'ur' 
[ros2_control_node-2] [INFO] [1790847961.840104488] [controller_manager]: Successful initialization of hardware 'ur'
[ros2_control_node-2] [INFO] [1790847961.840386356] [controller_manager]: Loading hardware 'RobotiqGripperHardwareInterface' 
[ros2_control_node-2] [INFO] [1790847961.840408915] [controller_manager]: Loaded hardware 'RobotiqGripperHardwareInterface' from plugin 'mock_components/GenericSystem'
[ros2_control_node-2] [INFO] [1790847961.840432059] [controller_manager]: Initialize hardware 'RobotiqGripperHardwareInterface' 
[ros2_control_node-2] [INFO] [1790847961.844348126] [controller_manager]: Successful initialization of hardware 'RobotiqGripperHardwareInterface'
[ros2_control_node-2] [INFO] [1790847961.844447470] [resource_manager]: 'configure' hardware 'RobotiqGripperHardwareInterface' 
[ros2_control_node-2] [INFO] [1790847961.844457075] [resource_manager]: Successful 'configure' of hardware 'RobotiqGripperHardwareInterface'
[ros2_control_node-2] [INFO] [1790847961.844462724] [resource_manager]: 'activate' hardware 'RobotiqGripperHardwareInterface' 
[ros2_control_node-2] [INFO] [1790847961.844469194] [resource_manager]: Successful 'activate' of hardware 'RobotiqGripperHardwareInterface'
[ros2_control_node-2] [INFO] [1790847961.844515980] [resource_manager]: 'configure' hardware 'ur' 
[ros2_control_node-2] [INFO] [1790847961.844524417] [resource_manager]: Successful 'configure' of hardware 'ur'
[ros2_control_node-2] [INFO] [1790847961.844563780] [resource_manager]: 'activate' hardware 'ur' 
[ros2_control_node-2] [INFO] [1790847961.844567207] [resource_manager]: Successful 'activate' of hardware 'ur'
[ros2_control_node-2] [INFO] [1790847961.844582470] [controller_manager]: Registering statistics for : RobotiqGripperHardwareInterface
[ros2_control_node-2] [INFO] [1790847961.844625921] [controller_manager]: Registering statistics for : ur
[ros2_control_node-2] [INFO] [1790847961.844658459] [controller_manager]: Resource Manager has been successfully initialized. Starting Controller Manager services...
[INFO] [spawner-3]: process started with pid [284206]
[spawner-3] [WARN] [1790847963.881291227] [rcl]: ROS_LOCALHOST_ONLY is deprecated but still honored if it is enabled. Use ROS_AUTOMATIC_DISCOVERY_RANGE and ROS_STATIC_PEERS instead.
[spawner-3] [WARN] [1790847963.881301473] [rcl]: 'localhost_only' is enabled, 'automatic_discovery_range' and 'static_peers' will be ignored.
[spawner-3] [INFO] [1790847963.940060187] [spawner_joint_state_broadcaster]: waiting for service /controller_manager/list_controllers to become available...
[INFO] [spawner-4]: process started with pid [284240]
[spawner-4] [WARN] [1790847964.870065104] [rcl]: ROS_LOCALHOST_ONLY is deprecated but still honored if it is enabled. Use ROS_AUTOMATIC_DISCOVERY_RANGE and ROS_STATIC_PEERS instead.
[spawner-4] [WARN] [1790847964.870071711] [rcl]: 'localhost_only' is enabled, 'automatic_discovery_range' and 'static_peers' will be ignored.
[INFO] [spawner-5]: process started with pid [284257]
[spawner-5] [WARN] [1790847965.378236051] [rcl]: ROS_LOCALHOST_ONLY is deprecated but still honored if it is enabled. Use ROS_AUTOMATIC_DISCOVERY_RANGE and ROS_STATIC_PEERS instead.
[spawner-5] [WARN] [1790847965.378244376] [rcl]: 'localhost_only' is enabled, 'automatic_discovery_range' and 'static_peers' will be ignored.
[ros2_control_node-2] [INFO] [1790847965.441970719] [controller_manager]: Loading controller : 'joint_state_broadcaster' of type 'joint_state_broadcaster/JointStateBroadcaster'
[ros2_control_node-2] [INFO] [1790847965.441999719] [controller_manager]: Loading controller 'joint_state_broadcaster'
[ros2_control_node-2] [INFO] [1790847965.444106270] [controller_manager]: Controller 'joint_state_broadcaster' node arguments: --ros-args --params-file /tmp/launch_params_v25_82fr --params-file /home/aisc216/ur5_ws/install_jazzy_port/ur5_moveit_demo/share/ur5_moveit_demo/config/combined_controllers.yaml 
[spawner-3] [INFO] [1790847965.451073232] [spawner_joint_state_broadcaster]: Loaded joint_state_broadcaster
[ros2_control_node-2] [INFO] [1790847965.451673754] [controller_manager]: Configuring controller: 'joint_state_broadcaster'
[ros2_control_node-2] [INFO] [1790847965.451750190] [joint_state_broadcaster]: 'joints' or 'interfaces' parameter is empty. All available state interfaces will be published
[ros2_control_node-2] [INFO] [1790847965.459221915] [controller_manager]: Activating controllers: [ joint_state_broadcaster ]
[ros2_control_node-2] [INFO] [1790847965.460281601] [controller_manager]: Successfully switched controllers!
[spawner-3] [INFO] [1790847965.463067194] [spawner_joint_state_broadcaster]: Configured and activated joint_state_broadcaster
[spawner-4] [INFO] [1790847965.532610186] [spawner_joint_trajectory_controller]: waiting for service /controller_manager/list_controllers to become available...
[INFO] [spawner-3]: process has finished cleanly [pid 284206]
[INFO] [spawner-6]: process started with pid [284273]
[spawner-6] [WARN] [1790847965.886757021] [rcl]: ROS_LOCALHOST_ONLY is deprecated but still honored if it is enabled. Use ROS_AUTOMATIC_DISCOVERY_RANGE and ROS_STATIC_PEERS instead.
[spawner-6] [WARN] [1790847965.886763443] [rcl]: 'localhost_only' is enabled, 'automatic_discovery_range' and 'static_peers' will be ignored.
[INFO] [move_group-7]: process started with pid [284287]
[INFO] [rviz2-8]: process started with pid [284288]
[move_group-7] [WARN] [1790847966.759228657] [rcl]: ROS_LOCALHOST_ONLY is deprecated but still honored if it is enabled. Use ROS_AUTOMATIC_DISCOVERY_RANGE and ROS_STATIC_PEERS instead.
[move_group-7] [WARN] [1790847966.759239158] [rcl]: 'localhost_only' is enabled, 'automatic_discovery_range' and 'static_peers' will be ignored.
[move_group-7] [INFO] [1790847966.781942730] [move_group.moveit.moveit.ros.rdf_loader]: Loaded robot model in 0.00308782 seconds
[move_group-7] [INFO] [1790847966.782012819] [move_group.moveit.moveit.core.robot_model]: Loading robot model 'ur'...
[move_group-7] [INFO] [1790847966.782025534] [move_group.moveit.moveit.core.robot_model]: No root/virtual joint specified in SRDF. Assuming fixed joint
[move_group-7] [INFO] [1790847966.790567509] [move_group.moveit.moveit.kinematics.kdl_kinematics_plugin]: Joint weights for group 'ur_manipulator': 1 1 1 1 1 1
[move_group-7] [INFO] [1790847966.824558852] [move_group.moveit.moveit.ros.planning_scene_monitor]: Publishing maintained planning scene on 'monitored_planning_scene'
[move_group-7] [INFO] [1790847966.824689545] [move_group.moveit.moveit.ros.moveit_cpp]: Listening to 'joint_states' for joint states
[move_group-7] [INFO] [1790847966.825327704] [move_group.moveit.moveit.ros.current_state_monitor]: Listening to joint states on topic 'joint_states'
[move_group-7] [INFO] [1790847966.825622853] [move_group.moveit.moveit.ros.planning_scene_monitor]: Listening to '/attached_collision_object' for attached collision objects
[move_group-7] [INFO] [1790847966.825634457] [move_group.moveit.moveit.ros.planning_scene_monitor]: Stopping existing planning scene publisher.
[move_group-7] [INFO] [1790847966.825715681] [move_group.moveit.moveit.ros.planning_scene_monitor]: Stopped publishing maintained planning scene.
[move_group-7] [INFO] [1790847966.825879637] [move_group.moveit.moveit.ros.planning_scene_monitor]: Publishing maintained planning scene on 'monitored_planning_scene'
[move_group-7] [INFO] [1790847966.825924162] [move_group.moveit.moveit.ros.planning_scene_monitor]: Starting planning scene monitor
[move_group-7] [INFO] [1790847966.826344002] [move_group.moveit.moveit.ros.planning_scene_monitor]: Listening to '/planning_scene'
[move_group-7] [INFO] [1790847966.826354865] [move_group.moveit.moveit.ros.planning_scene_monitor]: Starting world geometry update monitor for collision objects, attached objects, octomap updates.
[move_group-7] [INFO] [1790847966.826535031] [move_group.moveit.moveit.ros.planning_scene_monitor]: Listening to 'collision_object'
[move_group-7] [INFO] [1790847966.826726164] [move_group.moveit.moveit.ros.planning_scene_monitor]: Listening to 'planning_scene_world' for planning scene world geometry
[move_group-7] [WARN] [1790847966.826813102] [move_group.moveit.moveit.ros.occupancy_map_monitor]: Resolution not specified for Octomap. Assuming resolution = 0.1 instead
[move_group-7] [ERROR] [1790847966.826823286] [move_group.moveit.moveit.ros.occupancy_map_monitor]: No 3D sensor plugin(s) defined for octomap updates
[move_group-7] [INFO] [1790847966.840395617] [move_group.moveit.moveit.ros.planning_pipeline]: Successfully loaded planner 'OMPL'
[move_group-7] [INFO] [1790847966.841020864] [move_group]: Try loading adapter 'default_planning_request_adapters/ResolveConstraintFrames'
[move_group-7] [INFO] [1790847966.841688453] [move_group]: Loaded adapter 'default_planning_request_adapters/ResolveConstraintFrames'
[move_group-7] [INFO] [1790847966.841700197] [move_group]: Try loading adapter 'default_planning_request_adapters/ValidateWorkspaceBounds'
[move_group-7] [INFO] [1790847966.841806095] [move_group]: Loaded adapter 'default_planning_request_adapters/ValidateWorkspaceBounds'
[move_group-7] [INFO] [1790847966.841812725] [move_group]: Try loading adapter 'default_planning_request_adapters/CheckStartStateBounds'
[move_group-7] [INFO] [1790847966.841828931] [move_group]: Loaded adapter 'default_planning_request_adapters/CheckStartStateBounds'
[move_group-7] [INFO] [1790847966.841833080] [move_group]: Try loading adapter 'default_planning_request_adapters/CheckStartStateCollision'
[move_group-7] [INFO] [1790847966.841841559] [move_group]: Loaded adapter 'default_planning_request_adapters/CheckStartStateCollision'
[move_group-7] [INFO] [1790847966.842412542] [move_group]: Try loading adapter 'default_planning_response_adapters/AddTimeOptimalParameterization'
[move_group-7] [INFO] [1790847966.843871570] [move_group]: Loaded adapter 'default_planning_response_adapters/AddTimeOptimalParameterization'
[move_group-7] [INFO] [1790847966.843882180] [move_group]: Try loading adapter 'default_planning_response_adapters/ValidateSolution'
[move_group-7] [INFO] [1790847966.845443215] [move_group]: Loaded adapter 'default_planning_response_adapters/ValidateSolution'
[move_group-7] [INFO] [1790847966.845457091] [move_group]: Try loading adapter 'default_planning_response_adapters/DisplayMotionPath'
[move_group-7] [INFO] [1790847966.845780320] [move_group]: Loaded adapter 'default_planning_response_adapters/DisplayMotionPath'
[move_group-7] [INFO] [1790847966.860594748] [move_group.moveit.moveit.plugins.simple_controller_manager]: Added FollowJointTrajectory controller for scaled_joint_trajectory_controller
[move_group-7] [INFO] [1790847966.861673918] [move_group.moveit.moveit.plugins.simple_controller_manager]: Added FollowJointTrajectory controller for joint_trajectory_controller
[move_group-7] [INFO] [1790847966.861783879] [move_group.moveit.moveit.plugins.simple_controller_manager]: Returned 2 controllers in list
[move_group-7] [INFO] [1790847966.861805537] [move_group.moveit.moveit.plugins.simple_controller_manager]: Returned 2 controllers in list
[move_group-7] [INFO] [1790847966.862004927] [move_group.moveit.moveit.ros.trajectory_execution_manager]: Trajectory execution is not managing controllers
[move_group-7] [INFO] [1790847966.862017028] [move_group]: MoveGroup debug mode is ON
[rviz2-8] [WARN] [1790847966.866212805] [rcl]: ROS_LOCALHOST_ONLY is deprecated but still honored if it is enabled. Use ROS_AUTOMATIC_DISCOVERY_RANGE and ROS_STATIC_PEERS instead.
[rviz2-8] [WARN] [1790847966.866226118] [rcl]: 'localhost_only' is enabled, 'automatic_discovery_range' and 'static_peers' will be ignored.
[move_group-7] [INFO] [1790847966.873440104] [move_group.moveit.moveit.ros.move_group.executable]: 
[move_group-7] 
[move_group-7] ********************************************************
[move_group-7] * MoveGroup using: 
[move_group-7] *     - apply_planning_scene_service
[move_group-7] *     - clear_octomap_service
[move_group-7] *     - get_group_urdf
[move_group-7] *     - load_geometry_from_file
[move_group-7] *     - CartesianPathService
[move_group-7] *     - execute_trajectory_action
[move_group-7] *     - get_planning_scene_service
[move_group-7] *     - kinematics_service
[move_group-7] *     - move_action
[move_group-7] *     - motion_plan_service
[move_group-7] *     - query_planners_service
[move_group-7] *     - state_validation_service
[move_group-7] *     - save_geometry_to_file
[move_group-7] ********************************************************
[move_group-7] 
[move_group-7] [INFO] [1790847966.873478337] [move_group.moveit.moveit.ros.move_group.context]: MoveGroup context using pipeline ompl
[move_group-7] [INFO] [1790847966.873486914] [move_group.moveit.moveit.ros.move_group.context]: MoveGroup context initialization complete
[move_group-7] [96mLoading 'move_group/ApplyPlanningSceneService'...[0m
[move_group-7] [96mLoading 'move_group/ClearOctomapService'...[0m
[move_group-7] [96mLoading 'move_group/GetUrdfService'...[0m
[move_group-7] [96mLoading 'move_group/LoadGeometryFromFileService'...[0m
[move_group-7] [96mLoading 'move_group/MoveGroupCartesianPathService'...[0m
[move_group-7] [96mLoading 'move_group/MoveGroupExecuteTrajectoryAction'...[0m
[move_group-7] [96mLoading 'move_group/MoveGroupGetPlanningSceneService'...[0m
[move_group-7] [96mLoading 'move_group/MoveGroupKinematicsService'...[0m
[move_group-7] [96mLoading 'move_group/MoveGroupMoveAction'...[0m
[move_group-7] [96mLoading 'move_group/MoveGroupPlanService'...[0m
[move_group-7] [96mLoading 'move_group/MoveGroupQueryPlannersService'...[0m
[move_group-7] [96mLoading 'move_group/MoveGroupStateValidationService'...[0m
[move_group-7] [96mLoading 'move_group/SaveGeometryToFileService'...[0m
[move_group-7] 
[move_group-7] [92mYou can start planning now![0m
[move_group-7] 
[rviz2-8] [INFO] [1790847967.496915028] [rviz2]: Stereo is NOT SUPPORTED
[rviz2-8] [INFO] [1790847967.496964367] [rviz2]: OpenGl version: 4.6 (GLSL 4.6)
[rviz2-8] [INFO] [1790847967.604759464] [rviz2]: Stereo is NOT SUPPORTED
[rviz2-8] Warning: class_loader.impl: SEVERE WARNING!!! A namespace collision has occurred with plugin factory for class rviz_default_plugins::displays::InteractiveMarkerDisplay. New factory will OVERWRITE existing one. This situation occurs when libraries containing plugins are directly linked against an executable (the one running right now generating this message). Please separate plugins out into their own library or just don't link against the library and use either class_loader::ClassLoader/MultiLibraryClassLoader to open.
[rviz2-8]          at line 321 in /opt/ros/jazzy/include/class_loader/class_loader/class_loader_core.hpp
[rviz2-8] [WARN] [1790847967.685017523] [rcl.logging_rosout]: Publisher already registered for node name: 'rviz2_moveit'. If this is due to multiple nodes with the same name then all logs for the logger named 'rviz2_moveit' will go out over the existing publisher. As soon as any node with that name is destructed it will unregister the publisher, preventing any further logs for that name from being published on the rosout topic.
[ros2_control_node-2] [INFO] [1790847969.007592027] [controller_manager]: Received robot description from topic.
[ros2_control_node-2] [WARN] [1790847969.007622677] [controller_manager]: ResourceManager has already loaded a urdf. Ignoring attempt to reload a robot description.
[ros2_control_node-2] [INFO] [1790847969.070835958] [controller_manager]: Loading controller : 'joint_trajectory_controller' of type 'joint_trajectory_controller/JointTrajectoryController'
[ros2_control_node-2] [INFO] [1790847969.070864510] [controller_manager]: Loading controller 'joint_trajectory_controller'
[ros2_control_node-2] [INFO] [1790847969.072376676] [controller_manager]: Controller 'joint_trajectory_controller' node arguments: --ros-args --params-file /tmp/launch_params_v25_82fr --params-file /home/aisc216/ur5_ws/install_jazzy_port/ur5_moveit_demo/share/ur5_moveit_demo/config/combined_controllers.yaml 
[spawner-4] [INFO] [1790847969.085327942] [spawner_joint_trajectory_controller]: Loaded joint_trajectory_controller
[ros2_control_node-2] [INFO] [1790847969.085997478] [controller_manager]: Configuring controller: 'joint_trajectory_controller'
[ros2_control_node-2] [INFO] [1790847969.086126722] [joint_trajectory_controller]: No specific joint names are used for command interfaces. Using 'joints' parameter.
[ros2_control_node-2] [INFO] [1790847969.086151690] [joint_trajectory_controller]: Command interfaces are [position] and state interfaces are [position velocity].
[ros2_control_node-2] [INFO] [1790847969.086170648] [joint_trajectory_controller]: Using 'splines' interpolation method.
[ros2_control_node-2] [INFO] [1790847969.087900380] [joint_trajectory_controller]: Action status changes will be monitored at 20.00 Hz.
[ros2_control_node-2] [INFO] [1790847969.093244862] [controller_manager]: Activating controllers: [ joint_trajectory_controller ]
[ros2_control_node-2] [INFO] [1790847969.094376052] [controller_manager]: Successfully switched controllers!
[spawner-4] [INFO] [1790847969.097138379] [spawner_joint_trajectory_controller]: Configured and activated joint_trajectory_controller
[spawner-5] [INFO] [1790847969.201959342] [spawner_robotiq_gripper_controller]: waiting for service /controller_manager/list_controllers to become available...
[INFO] [spawner-4]: process has finished cleanly [pid 284240]
[rviz2-8] [ERROR] [1790847970.711723257] [rviz2_moveit.moveit.ros.motion_planning_frame]: Action server: /recognize_objects not available
[rviz2-8] [INFO] [1790847970.721583806] [rviz2_moveit.moveit.ros.motion_planning_frame]: MoveGroup namespace changed: / -> . Reloading params.
[ros2_control_node-2] [INFO] [1790847970.765010441] [controller_manager]: Received robot description from topic.
[ros2_control_node-2] [WARN] [1790847970.765036908] [controller_manager]: ResourceManager has already loaded a urdf. Ignoring attempt to reload a robot description.
[rviz2-8] [INFO] [1790847970.767415789] [rviz2_moveit.moveit.ros.rdf_loader]: Loaded robot model in 0.003425 seconds
[rviz2-8] [INFO] [1790847970.767461701] [rviz2_moveit.moveit.core.robot_model]: Loading robot model 'ur'...
[rviz2-8] [INFO] [1790847970.767474792] [rviz2_moveit.moveit.core.robot_model]: No root/virtual joint specified in SRDF. Assuming fixed joint
[rviz2-8] [INFO] [1790847970.778444392] [rviz2_moveit.moveit.kinematics.kdl_kinematics_plugin]: Joint weights for group 'ur_manipulator': 1 1 1 1 1 1
[rviz2-8] [INFO] [1790847970.805832818] [rviz2_moveit.moveit.ros.planning_scene_monitor]: Publishing maintained planning scene on 'monitored_planning_scene'
[rviz2-8] [INFO] [1790847970.828259310] [rviz2_moveit.moveit.ros.planning_scene_monitor]: Starting planning scene monitor
[rviz2-8] [INFO] [1790847970.828781189] [rviz2_moveit.moveit.ros.planning_scene_monitor]: Listening to '/monitored_planning_scene'
[rviz2-8] [INFO] [1790847971.011856209] [interactive_marker_display_98183080724112]: Connected on namespace: /rviz_moveit_motion_planning_display/robot_interaction_interactive_marker_topic
[rviz2-8] [INFO] [1790847971.019343546] [rviz2_moveit.moveit.ros.motion_planning_frame]: group ur_manipulator
[rviz2-8] [INFO] [1790847971.019369675] [rviz2_moveit.moveit.ros.motion_planning_frame]: Constructing new MoveGroup connection for group 'ur_manipulator' in namespace ''
[rviz2-8] [INFO] [1790847971.027856581] [rviz2_moveit.moveit.ros.move_group_interface]: Ready to take commands for planning group ur_manipulator.
[rviz2-8] [INFO] [1790847971.033867560] [interactive_marker_display_98183080724112]: Sending request for interactive markers
[rviz2-8] [INFO] [1790847971.067952324] [interactive_marker_display_98183080724112]: Service response received for initialization
[ros2_control_node-2] [INFO] [1790847971.454239517] [controller_manager]: Loading controller : 'robotiq_gripper_controller' of type 'position_controllers/GripperActionController'
[ros2_control_node-2] [INFO] [1790847971.454265081] [controller_manager]: Loading controller 'robotiq_gripper_controller'
[ros2_control_node-2] [INFO] [1790847971.455096982] [controller_manager]: Controller 'robotiq_gripper_controller' node arguments: --ros-args --params-file /tmp/launch_params_v25_82fr --params-file /home/aisc216/ur5_ws/install_jazzy_port/ur5_moveit_demo/share/ur5_moveit_demo/config/combined_controllers.yaml 
[ros2_control_node-2] [WARN] [1790847971.461681466] [robotiq_gripper_controller]: [Deprecated]: the `position_controllers/GripperActionController` and `effort_controllers::GripperActionController` controllers are replaced by 'parallel_gripper_controllers/GripperActionController' controller
[spawner-5] [INFO] [1790847971.463518534] [spawner_robotiq_gripper_controller]: Loaded robotiq_gripper_controller
[ros2_control_node-2] [INFO] [1790847971.464301945] [controller_manager]: Configuring controller: 'robotiq_gripper_controller'
[ros2_control_node-2] [INFO] [1790847971.464354633] [robotiq_gripper_controller]: Action status changes will be monitored at 20.000000 Hz.
[ros2_control_node-2] [INFO] [1790847971.467187834] [controller_manager]: Activating controllers: [ robotiq_gripper_controller ]
[ros2_control_node-2] [WARN] [1790847971.470411142] [controller_manager]: Overrun might occur, Total time : 2225.168 us (Expected < 2000.000 us) --> Read time : 16.532 us, Update time : 2203.658 us (Switch time : 2184.194 us (Switch chained mode time : 0.347 us, perform mode change time : 1.859 us, Activation time : 2180.869 us, Deactivation time : 0.206 us)), Write time : 4.978 us
[ros2_control_node-2] [INFO] [1790847971.470413195] [controller_manager]: Successfully switched controllers!
[ros2_control_node-2] [WARN] [1790847971.470444769] [controller_manager]: Overrun detected! The controller manager missed its desired rate of 500 Hz. The loop took 2.319441 ms (missed cycles : 2).
[spawner-5] [INFO] [1790847971.473138598] [spawner_robotiq_gripper_controller]: Configured and activated robotiq_gripper_controller
[spawner-6] [INFO] [1790847971.565933142] [spawner_robotiq_activation_controller]: waiting for service /controller_manager/list_controllers to become available...
[INFO] [spawner-5]: process has finished cleanly [pid 284257]
[ros2_control_node-2] [INFO] [1790847974.568456292] [controller_manager]: Loading controller : 'robotiq_activation_controller' of type 'robotiq_controllers/RobotiqActivationController'
[ros2_control_node-2] [INFO] [1790847974.568483114] [controller_manager]: Loading controller 'robotiq_activation_controller'
[ros2_control_node-2] [INFO] [1790847974.569424571] [controller_manager]: Controller 'robotiq_activation_controller' node arguments: --ros-args --params-file /tmp/launch_params_v25_82fr --params-file /home/aisc216/ur5_ws/install_jazzy_port/ur5_moveit_demo/share/ur5_moveit_demo/config/combined_controllers.yaml 
[spawner-6] [INFO] [1790847974.577342142] [spawner_robotiq_activation_controller]: Loaded robotiq_activation_controller
[ros2_control_node-2] [INFO] [1790847974.578180969] [controller_manager]: Configuring controller: 'robotiq_activation_controller'
[ros2_control_node-2] [INFO] [1790847974.581242463] [controller_manager]: Activating controllers: [ robotiq_activation_controller ]
[ros2_control_node-2] [INFO] [1790847974.583314134] [controller_manager]: Successfully switched controllers!
[spawner-6] [INFO] [1790847974.585099487] [spawner_robotiq_activation_controller]: Configured and activated robotiq_activation_controller
[INFO] [spawner-6]: process has finished cleanly [pid 284273]
[move_group-7] [INFO] [1790847983.484463278] [move_group.moveit.moveit.ros.move_group.cartesian_path_service_capability]: Received request to compute Cartesian path
[move_group-7] [INFO] [1790847983.484592711] [move_group.moveit.moveit.ros.move_group.cartesian_path_service_capability]: Attempting to follow 4 waypoints for link 'tool0' using a step of 0.005000 m and jump threshold 0.000000 (in global reference frame)
[move_group-7] [INFO] [1790847983.491092293] [move_group.moveit.moveit.ros.move_group.cartesian_path_service_capability]: Computed Cartesian path with 1 points (followed 0.000000% of requested trajectory)
